// Jest Snapshot v1, https://goo.gl/fbAQLP

exports[`should display the provided character 1`] = `
<div>
  <figure>
    <img
      alt="Ted"
      src="https://placebear.com/200/300"
    />
    <figcaption>
      <h2>
        Ted
      </h2>
      <p>
        FAMBAM: 
        bear nation
      </p>
      <p>
        LOVAS: 
        bees
      </p>
      <p>
        HATERS: 
        humans
      </p>
    </figcaption>
  </figure>
</div>
`;
