// Jest Snapshot v1, https://goo.gl/fbAQLP

exports[`should render the pagination nav 1`] = `
<div>
  <nav>
    <p>
      Page 
      1
    </p>
    <svg
      cursor="pointer"
      fill="none"
      height="30"
      stroke="currentColor"
      viewBox="0 0 24 24"
      width="30"
      xmlns="http://www.w3.org/2000/svg"
    >
      <path
        d="M13 5l7 7-7 7M5 5l7 7-7 7"
        stroke-linecap="round"
        stroke-linejoin="round"
        stroke-width="2"
      />
    </svg>
  </nav>
</div>
`;
